scons: Reading SConscript files ...
Warning: This combination of gcc and binutils have known incompatibilities.
         If you encounter build problems, please update binutils to 2.23.
Warning: Your compiler doesn't support incremental linking and lto at the same time, so lto is being disabled. To force lto on anyway, use the --force-lto option. That will disable partial linking.
Checking for C header file Python.h... (cached) yes
Checking for C library python2.7... (cached) yes
Checking for C library pthread... (cached) yes
Checking for C library dl... (cached) yes
Checking for C library util... (cached) yes
Checking for C library m... (cached) yes
Checking for accept(0,0,0) in C++ library None... (cached) yes
Checking for zlibVersion() in C++ library z... (cached) yes
Checking for GOOGLE_PROTOBUF_VERIFY_VERSION in C++ library protobuf... (cached) yes
Checking for clock_nanosleep(0,0,NULL,NULL) in C library None... (cached) yes
Checking for timer_create(CLOCK_MONOTONIC, NULL, NULL) in C library None... (cached) no
Checking for timer_create(CLOCK_MONOTONIC, NULL, NULL) in C library rt... (cached) yes
Checking for C library tcmalloc... (cached) yes
Checking for char temp; backtrace_symbols_fd((void*)&temp, 0, 0) in C library None... (cached) yes
Checking for C header file fenv.h... (cached) yes
Checking for C header file png.h... (cached) yes
Info: Compatible header file <linux/kvm.h> not found, disabling KVM support.
Checking for C header file linux/if_tun.h... (cached) yes
Checking size of struct kvm_xsave ... (cached) yes
Checking for member exclude_host in struct perf_event_attr...(cached) yes
Checking whether __i386__ is declared... (cached) no
Checking whether __x86_64__ is declared... (cached) yes
Building in /data/home/med14/stt/build/X86_MESI_Two_Level
Using saved variables file /data/home/med14/stt/build/variables/X86_MESI_Two_Level
scons: done reading SConscript files.
scons: Building targets ...
scons: rebuilding `build/X86_MESI_Two_Level/sim/tags.cc' because AlwaysBuild() is specified
 [VER TAGS]  -> X86_MESI_Two_Level/sim/tags.cc
scons: building `build/X86_MESI_Two_Level/gem5.opt' because it doesn't exist
 [    LINK]  -> X86_MESI_Two_Level/gem5.opt
scons: done building targets.
